// Jest Snapshot v1, https://goo.gl/fbAQLP

exports[`<Link /> renders correctly 1`] = `
<View
  accessible={true}
  collapsable={false}
  focusable={true}
  onClick={[Function]}
  onResponderGrant={[Function]}
  onResponderMove={[Function]}
  onResponderRelease={[Function]}
  onResponderTerminate={[Function]}
  onResponderTerminationRequest={[Function]}
  onStartShouldSetResponder={[Function]}
  style={
    Object {
      "opacity": 1,
    }
  }
>
  <Text
    style={
      Object {
        "color": "#03989E",
        "paddingHorizontal": 5,
        "textAlign": "left",
      }
    }
  >
    testValue
  </Text>
</View>
`;
